Total a gerar: 72
🎨 [1/72] fiat_tipo.jpg
  OK fiat_tipo.jpg (24KB) — Fiat Tipo City 1.3
🎨 [2/72] byd_song_plus.jpg
  OK byd_song_plus.jpg (26KB) — BYD Song Plus DM-i Hybrid (2023+)
🎨 [3/72] volkswagen_t_cross.jpg
  OK volkswagen_t_cross.jpg (26KB) — Volkswagen T-Cross Highline 1.0 TSI
🎨 [4/72] jac_j3.jpg
  OK jac_j3.jpg (24KB) — JAC J3 1.4 16V
🎨 [5/72] leapmotor_c10.jpg
  OK leapmotor_c10.jpg (18KB) — Leapmotor C10 Elétrico
🎨 [6/72] honda_fit.jpg
  OK honda_fit.jpg (24KB) — Honda Fit EXL 1.5 i-VTEC
🎨 [7/72] chery_celer_sedan.jpg
  OK chery_celer_sedan.jpg (24KB) — Chery Celer Sedan 1.5 16V
🎨 [8/72] honda_accord.jpg
  OK honda_accord.jpg (23KB) — Honda Accord 3.5 V6
🎨 [9/72] chevrolet_onix_plus.jpg
  OK chevrolet_onix_plus.jpg (24KB) — Chevrolet Onix Plus LTZ 1.0 Turbo
🎨 [10/72] citroen_xsara_picasso.jpg
  OK citroen_xsara_picasso.jpg (25KB) — Citroën Xsara Picasso 1.6/2.0 (Automático AL4)
🎨 [11/72] volkswagen_passat.jpg
  OK volkswagen_passat.jpg (24KB) — Volkswagen Passat Highline 2.0 TSI (Importado)
🎨 [12/72] fiat_cronos.jpg
  OK fiat_cronos.jpg (29KB) — Fiat Cronos Precision 1.3
🎨 [13/72] caoa_changan_cs35.jpg
  OK caoa_changan_cs35.jpg (28KB) — Caoa Changan CS35 1.6 16V
🎨 [14/72] nissan_x_trail.jpg
  OK nissan_x_trail.jpg (37KB) — Nissan X-Trail S 2.0 (Importada)
🎨 [15/72] peugeot_307.jpg
    peugeot_307.jpg resposta pequena (1049b); aguardando 15s...
  OK peugeot_307.jpg (28KB) — Peugeot 307 2.0 (Automático AL4)
🎨 [16/72] caoa_chery_tiggo_3x.jpg
  OK caoa_chery_tiggo_3x.jpg (26KB) — Caoa Chery Tiggo 3X 1.0 Turbo (Plus/Pro)
🎨 [17/72] byd_king.jpg
  OK byd_king.jpg (25KB) — BYD King DM-i Hybrid 1.5
🎨 [18/72] caoa_chery_himla.jpg
  OK caoa_chery_himla.jpg (22KB) — Caoa Chery Himla Híbrida Plug-in
🎨 [19/72] fiat_fastback.jpg
  OK fiat_fastback.jpg (24KB) — Fiat Fastback Impetus 1.0 Turbo
🎨 [20/72] mazda_mazda3.jpg
  OK mazda_mazda3.jpg (23KB) — Mazda Mazda3 2.0 Skyactiv (Importada)
🎨 [21/72] jaecoo_7.jpg
    jaecoo_7.jpg resposta pequena (1044b); aguardando 15s...
  OK jaecoo_7.jpg (42KB) — Jaecoo 7 PHEV (Super Hybrid)
🎨 [22/72] nissan_sentra.jpg
  OK nissan_sentra.jpg (23KB) — Nissan Sentra SV 2.0
🎨 [23/72] geely_ex5.jpg
  OK geely_ex5.jpg (29KB) — Geely EX5 EM-i (Híbrido Plug-in)
🎨 [24/72] caoa_chery_tiggo_7.jpg
  OK caoa_chery_tiggo_7.jpg (24KB) — Caoa Chery Tiggo 7 1.5T / 1.6T Pro
🎨 [25/72] chery_qq.jpg
  OK chery_qq.jpg (27KB) — Chery QQ 1.0 12V
🎨 [26/72] nissan_murano.jpg
  OK nissan_murano.jpg (31KB) — Nissan Murano SL AWD V6 (Importada)
🎨 [27/72] chevrolet_omega.jpg
  OK chevrolet_omega.jpg (26KB) — Chevrolet Omega 4.1 CD (Geração 2)
🎨 [28/72] chevrolet_trailblazer.jpg
  OK chevrolet_trailblazer.jpg (26KB) — Chevrolet Trailblazer Premier 2.8 Turbodiesel 4x4
🎨 [29/72] chery_cielo_sedan.jpg
  OK chery_cielo_sedan.jpg (25KB) — Chery Cielo Sedan 1.6 16V
🎨 [30/72] fiat_linea.jpg
  OK fiat_linea.jpg (24KB) — Fiat Linea 1.8 8V (Dualogic)
🎨 [31/72] volkswagen_voyage.jpg
    volkswagen_voyage.jpg resposta pequena (1048b); aguardando 15s...
    volkswagen_voyage.jpg resposta pequena (1048b); aguardando 15s...
    volkswagen_voyage.jpg resposta pequena (1047b); aguardando 15s...
  OK volkswagen_voyage.jpg (21KB) — Volkswagen Voyage 1.6 (i-Motion)
🎨 [32/72] caoa_chery_tiggo_2.jpg
    caoa_chery_tiggo_2.jpg resposta pequena (1040b); aguardando 15s...
    caoa_chery_tiggo_2.jpg resposta pequena (1042b); aguardando 15s...
    caoa_chery_tiggo_2.jpg resposta pequena (1041b); aguardando 15s...
    caoa_chery_tiggo_2.jpg resposta pequena (1042b); aguardando 15s...
  FALHOU caoa_chery_tiggo_2.jpg — Caoa Chery Tiggo 2
🎨 [33/72] caoa_chery_arrizo_5.jpg
  OK caoa_chery_arrizo_5.jpg (25KB) — Caoa Chery Arrizo 5 1.5 Turbo CVT
🎨 [34/72] toyota_etios.jpg
  OK toyota_etios.jpg (23KB) — Toyota Etios XLS 1.5
🎨 [35/72] peugeot_e_2008.jpg
  OK peugeot_e_2008.jpg (30KB) — Peugeot e-2008 GT (Elétrico)
🎨 [36/72] chevrolet_vectra.jpg
  OK chevrolet_vectra.jpg (22KB) — Chevrolet Vectra CD 2.2 16V (1998-2002)
🎨 [37/72] peugeot_206.jpg
  OK peugeot_206.jpg (25KB) — Peugeot 206 1.6 (Automático AL4)
🎨 [38/72] caoa_chery_icar.jpg
  OK caoa_chery_icar.jpg (25KB) — Caoa Chery iCar 300km (Elétrico)
🎨 [39/72] fiat_bravo.jpg
  OK fiat_bravo.jpg (29KB) — Fiat Bravo 1.8 16V (Dualogic)
🎨 [40/72] gwm_ora_03.jpg
  OK gwm_ora_03.jpg (22KB) — GWM Ora 03 GT 150cv (Elétrico)
🎨 [41/72] mg_s5.jpg
  OK mg_s5.jpg (27KB) — MG S5 Elétrico
🎨 [42/72] chery_celer.jpg
  OK chery_celer.jpg (22KB) — Chery Celer 1.5 16V
🎨 [43/72] jaecoo_5.jpg
  OK jaecoo_5.jpg (23KB) — Jaecoo 5 PHEV (Elite)
🎨 [44/72] volkswagen_fox.jpg
  OK volkswagen_fox.jpg (22KB) — Volkswagen Fox 1.6 (i-Motion)
🎨 [45/72] volkswagen_golf_gti.jpg
  OK volkswagen_golf_gti.jpg (31KB) — Volkswagen Golf GTI MK7 2.0 TSI (2014-2019)
🎨 [46/72] volkswagen_virtus.jpg
  OK volkswagen_virtus.jpg (20KB) — Volkswagen Virtus Highline 1.0 TSI
🎨 [47/72] jac_j3_turin.jpg
  OK jac_j3_turin.jpg (22KB) — JAC J3 Turin 1.4 16V
🎨 [48/72] jac_j5.jpg
  OK jac_j5.jpg (24KB) — JAC J5 1.5 16V VVT
🎨 [49/72] ford_fusion.jpg
  OK ford_fusion.jpg (38KB) — Ford Fusion Titanium 2.0 EcoBoost AWD
🎨 [50/72] byd_yuan_pro.jpg
  OK byd_yuan_pro.jpg (29KB) — BYD Yuan Pro 150cv (Elétrico)
🎨 [51/72] byd_tan.jpg
  OK byd_tan.jpg (30KB) — BYD Tan AWD 517cv (Elétrico 7 lugares)
🎨 [52/72] leapmotor_b10.jpg
  OK leapmotor_b10.jpg (26KB) — Leapmotor B10 Elétrico
🎨 [53/72] jac_j6.jpg
  OK jac_j6.jpg (20KB) — JAC J6 2.0 16V (7 lugares)
🎨 [54/72] chevrolet_agile.jpg
  OK chevrolet_agile.jpg (26KB) — Chevrolet Agile 1.4 (Easytronic)
🎨 [55/72] chevrolet_bolt.jpg
  OK chevrolet_bolt.jpg (25KB) — Chevrolet Bolt EUV Premier (Elétrico)
🎨 [56/72] byd_seal.jpg
  OK byd_seal.jpg (29KB) — BYD Seal AWD 531cv (Elétrico)
🎨 [57/72] caoa_chery_arrizo_6.jpg
  OK caoa_chery_arrizo_6.jpg (22KB) — Caoa Chery Arrizo 6 1.5 Turbo Pro
🎨 [58/72] byd_shark.jpg
  OK byd_shark.jpg (22KB) — BYD Shark PHEV 1.5 Turbo 4x4
🎨 [59/72] chery_omoda_5.jpg
  OK chery_omoda_5.jpg (25KB) — Chery Omoda 5 Pro 1.5 Turbo
🎨 [60/72] mg_cyberster.jpg
  OK mg_cyberster.jpg (26KB) — MG Cyberster 510cv (Roadster Elétrico)
🎨 [61/72] jeep_commander.jpg
  OK jeep_commander.jpg (25KB) — Jeep Commander Limited T270 1.3 Turbo
🎨 [62/72] hyundai_hb20x.jpg
  OK hyundai_hb20x.jpg (25KB) — Hyundai HB20X 1.6 16V
🎨 [63/72] chevrolet_cobalt.jpg
  OK chevrolet_cobalt.jpg (23KB) — Chevrolet Cobalt LTZ 1.8
🎨 [64/72] ram_1500.jpg
  OK ram_1500.jpg (30KB) — RAM 1500 Laramie 5.7 V8
🎨 [65/72] gwm_tank_300.jpg
  OK gwm_tank_300.jpg (34KB) — GWM Tank 300 Hi4T (PHEV Flex)
🎨 [66/72] toyota_yaris_cross.jpg
  OK toyota_yaris_cross.jpg (17KB) — Toyota Yaris Cross Hybrid Flex 1.5
🎨 [67/72] peugeot_408.jpg
    peugeot_408.jpg resposta pequena (1034b); aguardando 15s...
  OK peugeot_408.jpg (29KB) — Peugeot 408 Turbo 1.6 (Fastback)
🎨 [68/72] citroen_basalt.jpg
  OK citroen_basalt.jpg (35KB) — Citroën Basalt 1.0 Turbo T200 (Shine)
🎨 [69/72] bmw_x1.jpg
  OK bmw_x1.jpg (31KB) — BMW X1 sDrive20i 2.0 Turbo
🎨 [70/72] audi_q3.jpg
  OK audi_q3.jpg (34KB) — Audi Q3 1.4 TFSI / 45 TFSI 2.0
🎨 [71/72] volvo_xc40.jpg
  OK volvo_xc40.jpg (24KB) — Volvo XC40 T4 2.0 (Importado)
🎨 [72/72] mitsubishi_asx.jpg
  OK mitsubishi_asx.jpg (22KB) — Mitsubishi ASX 2.0 16V (Importado)

✅ 71/72 geradas em 60.6min.
